// Jest Snapshot v1, https://goo.gl/fbAQLP

exports[`Pruebas en <MultipleCustomHooks /> debe mostrarse correctamente 1`] = `
<div>
  <h1>
    Multiple Custom Hooks
  </h1>
  <hr />
  <div
    className="alert alert-info text-center"
  >
    loading...
  </div>
  <button
    className="btn btn-primary"
    onClick={[Function]}
  >
    Siguiente Cuote
  </button>
</div>
`;
