// Jest Snapshot v1, https://goo.gl/fbAQLP

exports[`Pruebas en <GifGrid /> Debe de mostrar el componente correctamente 1`] = `
<div
  className="card animate__animated animate__bounce animate__delay-2s"
>
  <img
    alt="Titulo de prueba"
    src="https://localhost/algo.jpg"
  />
  <p>
    Titulo de prueba
  </p>
</div>
`;
