// Jest Snapshot v1, https://goo.gl/fbAQLP

exports[`Pruebas en el componente <GifGrid /> debe de mostrar el componente correctamente 1`] = `
<Fragment>
  <h3
    className="animate__animated animate_fadeIn"
  >
    One Punch
  </h3>
  <p
    className="animate__animated animate__fadeIn"
  >
    Loading
  </p>
  <div
    className="card-grid"
  />
</Fragment>
`;

exports[`Pruebas en el componente <GifGrid /> debe de mostrar items cuando se cargan im√°genes useFetchGifs 1`] = `
<Fragment>
  <h3
    className="animate__animated animate_fadeIn"
  >
    One Punch
  </h3>
  <div
    className="card-grid"
  >
    <GifGridtem
      id="ABC"
      key="ABC"
      title="Cualquier cosa"
      url="https://localhost/cualquiercosa.jpg"
    />
    <GifGridtem
      id="123"
      key="123"
      title="Cualquier cosa"
      url="https://localhost/cualquiercosa.jpg"
    />
  </div>
</Fragment>
`;
