// Jest Snapshot v1, https://goo.gl/fbAQLP

exports[`Pruebas en <HookApp /> Debe mostrar correctamente el hook app 1`] = `
<div>
  <h1>
    Hook App
  </h1>
</div>
`;
